Analysis & Synthesis report for easy_maze
Tue Dec 25 16:26:35 2018
Quartus II Version 9.1 Build 222 10/21/2009 SJ Full Version


---------------------
; Table of Contents ;
---------------------
  1. Legal Notice
  2. Analysis & Synthesis Summary
  3. Analysis & Synthesis Settings
  4. Parallel Compilation
  5. Analysis & Synthesis Source Files Read
  6. Analysis & Synthesis Resource Usage Summary
  7. Analysis & Synthesis Resource Utilization by Entity
  8. User-Specified and Inferred Latches
  9. Registers Removed During Synthesis
 10. General Register Statistics
 11. Inverted Register Statistics
 12. Multiplexer Restructuring Statistics (Restructuring Performed)
 13. Parameter Settings for User Entity Instance: time_move_cnt:u1|divd_frequency:divd_1
 14. Parameter Settings for User Entity Instance: time_move_cnt:u1|segment:s1|divd_frequency:divd_1k
 15. Parameter Settings for User Entity Instance: direction_judge:u2|debounce:ul
 16. Parameter Settings for User Entity Instance: direction_judge:u2|debounce:ur
 17. Parameter Settings for User Entity Instance: direction_judge:u2|debounce:uu
 18. Parameter Settings for User Entity Instance: direction_judge:u2|debounce:ud
 19. Parameter Settings for User Entity Instance: led88:u3|divd_frequency:divd_1k
 20. Analysis & Synthesis Messages
 21. Analysis & Synthesis Suppressed Messages



----------------
; Legal Notice ;
----------------
Copyright (C) 1991-2009 Altera Corporation
Your use of Altera Corporation's design tools, logic functions 
and other software and tools, and its AMPP partner logic 
functions, and any output files from any of the foregoing 
(including device programming or simulation files), and any 
associated documentation or information are expressly subject 
to the terms and conditions of the Altera Program License 
Subscription Agreement, Altera MegaCore Function License 
Agreement, or other applicable license agreement, including, 
without limitation, that your use is for the sole purpose of 
programming logic devices manufactured by Altera and sold by 
Altera or its authorized distributors.  Please refer to the 
applicable agreement for further details.



+------------------------------------------------------------------------+
; Analysis & Synthesis Summary                                           ;
+-----------------------------+------------------------------------------+
; Analysis & Synthesis Status ; Successful - Tue Dec 25 16:26:35 2018    ;
; Quartus II Version          ; 9.1 Build 222 10/21/2009 SJ Full Version ;
; Revision Name               ; easy_maze                                ;
; Top-level Entity Name       ; easy_maze                                ;
; Family                      ; MAX II                                   ;
; Total logic elements        ; 789                                      ;
; Total pins                  ; 49                                       ;
; Total virtual pins          ; 0                                        ;
; UFM blocks                  ; 0 / 1 ( 0 % )                            ;
+-----------------------------+------------------------------------------+


+----------------------------------------------------------------------------------------------------------------------+
; Analysis & Synthesis Settings                                                                                        ;
+----------------------------------------------------------------------------+--------------------+--------------------+
; Option                                                                     ; Setting            ; Default Value      ;
+----------------------------------------------------------------------------+--------------------+--------------------+
; Device                                                                     ; EPM1270T144C5      ;                    ;
; Top-level entity name                                                      ; easy_maze          ; easy_maze          ;
; Family name                                                                ; MAX II             ; Stratix II         ;
; Use Generated Physical Constraints File                                    ; Off                ;                    ;
; Use smart compilation                                                      ; Off                ; Off                ;
; Enable parallel Assembler and TimeQuest Timing Analyzer during compilation ; On                 ; On                 ;
; Enable compact report table                                                ; Off                ; Off                ;
; Restructure Multiplexers                                                   ; Auto               ; Auto               ;
; Create Debugging Nodes for IP Cores                                        ; Off                ; Off                ;
; Preserve fewer node names                                                  ; On                 ; On                 ;
; Disable OpenCore Plus hardware evaluation                                  ; Off                ; Off                ;
; Verilog Version                                                            ; Verilog_2001       ; Verilog_2001       ;
; VHDL Version                                                               ; VHDL_1993          ; VHDL_1993          ;
; State Machine Processing                                                   ; Auto               ; Auto               ;
; Safe State Machine                                                         ; Off                ; Off                ;
; Extract Verilog State Machines                                             ; On                 ; On                 ;
; Extract VHDL State Machines                                                ; On                 ; On                 ;
; Ignore Verilog initial constructs                                          ; Off                ; Off                ;
; Iteration limit for constant Verilog loops                                 ; 5000               ; 5000               ;
; Iteration limit for non-constant Verilog loops                             ; 250                ; 250                ;
; Add Pass-Through Logic to Inferred RAMs                                    ; On                 ; On                 ;
; Parallel Synthesis                                                         ; On                 ; On                 ;
; NOT Gate Push-Back                                                         ; On                 ; On                 ;
; Power-Up Don't Care                                                        ; On                 ; On                 ;
; Remove Redundant Logic Cells                                               ; Off                ; Off                ;
; Remove Duplicate Registers                                                 ; On                 ; On                 ;
; Ignore CARRY Buffers                                                       ; Off                ; Off                ;
; Ignore CASCADE Buffers                                                     ; Off                ; Off                ;
; Ignore GLOBAL Buffers                                                      ; Off                ; Off                ;
; Ignore ROW GLOBAL Buffers                                                  ; Off                ; Off                ;
; Ignore LCELL Buffers                                                       ; Off                ; Off                ;
; Ignore SOFT Buffers                                                        ; On                 ; On                 ;
; Limit AHDL Integers to 32 Bits                                             ; Off                ; Off                ;
; Optimization Technique                                                     ; Balanced           ; Balanced           ;
; Carry Chain Length                                                         ; 70                 ; 70                 ;
; Auto Carry Chains                                                          ; On                 ; On                 ;
; Auto Open-Drain Pins                                                       ; On                 ; On                 ;
; Perform WYSIWYG Primitive Resynthesis                                      ; Off                ; Off                ;
; Auto Shift Register Replacement                                            ; Auto               ; Auto               ;
; Auto Clock Enable Replacement                                              ; On                 ; On                 ;
; Allow Synchronous Control Signals                                          ; On                 ; On                 ;
; Force Use of Synchronous Clear Signals                                     ; Off                ; Off                ;
; Auto Resource Sharing                                                      ; Off                ; Off                ;
; Use LogicLock Constraints during Resource Balancing                        ; On                 ; On                 ;
; Ignore translate_off and synthesis_off directives                          ; Off                ; Off                ;
; Show Parameter Settings Tables in Synthesis Report                         ; On                 ; On                 ;
; Ignore Maximum Fan-Out Assignments                                         ; Off                ; Off                ;
; Synchronization Register Chain Length                                      ; 2                  ; 2                  ;
; PowerPlay Power Optimization                                               ; Normal compilation ; Normal compilation ;
; HDL message level                                                          ; Level2             ; Level2             ;
; Suppress Register Optimization Related Messages                            ; Off                ; Off                ;
; Number of Removed Registers Reported in Synthesis Report                   ; 100                ; 100                ;
; Number of Inverted Registers Reported in Synthesis Report                  ; 100                ; 100                ;
; Clock MUX Protection                                                       ; On                 ; On                 ;
; Block Design Naming                                                        ; Auto               ; Auto               ;
; Synthesis Effort                                                           ; Auto               ; Auto               ;
; Shift Register Replacement - Allow Asynchronous Clear Signal               ; On                 ; On                 ;
; Analysis & Synthesis Message Level                                         ; Medium             ; Medium             ;
; Disable Register Merging Across Hierarchies                                ; Auto               ; Auto               ;
+----------------------------------------------------------------------------+--------------------+--------------------+


+------------------------------------------+
; Parallel Compilation                     ;
+----------------------------+-------------+
; Processors                 ; Number      ;
+----------------------------+-------------+
; Number detected on machine ; 4           ;
; Maximum allowed            ; 4           ;
;                            ;             ;
; Average used               ; 1.00        ;
; Maximum used               ; 1           ;
;                            ;             ;
; Usage by Processor         ; % Time Used ;
;     1 processor            ; 100.0%      ;
;     2-4 processors         ;   0.0%      ;
+----------------------------+-------------+


+---------------------------------------------------------------------------------------------------------------------------------+
; Analysis & Synthesis Source Files Read                                                                                          ;
+----------------------------------+-----------------+------------------------+---------------------------------------------------+
; File Name with User-Entered Path ; Used in Netlist ; File Type              ; File Name with Absolute Path                      ;
+----------------------------------+-----------------+------------------------+---------------------------------------------------+
; easy_maze.v                      ; yes             ; User Verilog HDL File  ; C:/Users/Administrator/Desktop/migong/easy_maze.v ;
+----------------------------------+-----------------+------------------------+---------------------------------------------------+


+------------------------------------------------------+
; Analysis & Synthesis Resource Usage Summary          ;
+---------------------------------------------+--------+
; Resource                                    ; Usage  ;
+---------------------------------------------+--------+
; Total logic elements                        ; 789    ;
;     -- Combinational with no register       ; 535    ;
;     -- Register only                        ; 84     ;
;     -- Combinational with a register        ; 170    ;
;                                             ;        ;
; Logic element usage by number of LUT inputs ;        ;
;     -- 4 input functions                    ; 272    ;
;     -- 3 input functions                    ; 227    ;
;     -- 2 input functions                    ; 173    ;
;     -- 1 input functions                    ; 33     ;
;     -- 0 input functions                    ; 0      ;
;                                             ;        ;
; Logic elements by mode                      ;        ;
;     -- normal mode                          ; 670    ;
;     -- arithmetic mode                      ; 119    ;
;     -- qfbk mode                            ; 0      ;
;     -- register cascade mode                ; 0      ;
;     -- synchronous clear/load mode          ; 99     ;
;     -- asynchronous clear/load mode         ; 221    ;
;                                             ;        ;
; Total registers                             ; 254    ;
; Total logic cells in carry chains           ; 125    ;
; I/O pins                                    ; 49     ;
; Maximum fan-out node                        ; clk_in ;
; Maximum fan-out                             ; 240    ;
; Total fan-out                               ; 2950   ;
; Average fan-out                             ; 3.52   ;
+---------------------------------------------+--------+


+-----------------------------------------------------------------------------------------------------------------------------------------------------------------------------------------------------------------------------------------------------------------------+
; Analysis & Synthesis Resource Utilization by Entity                                                                                                                                                                                                                   ;
+-----------------------------------+-------------+--------------+------------+------+--------------+--------------+-------------------+------------------+-----------------+------------+---------------------------------------------------------------+--------------+
; Compilation Hierarchy Node        ; Logic Cells ; LC Registers ; UFM Blocks ; Pins ; Virtual Pins ; LUT-Only LCs ; Register-Only LCs ; LUT/Register LCs ; Carry Chain LCs ; Packed LCs ; Full Hierarchy Name                                           ; Library Name ;
+-----------------------------------+-------------+--------------+------------+------+--------------+--------------+-------------------+------------------+-----------------+------------+---------------------------------------------------------------+--------------+
; |easy_maze                        ; 789 (2)     ; 254          ; 0          ; 49   ; 0            ; 535 (1)      ; 84 (0)            ; 170 (1)          ; 125 (0)         ; 0 (0)      ; |easy_maze                                                    ; work         ;
;    |direction_judge:u2|           ; 465 (337)   ; 165          ; 0          ; 0    ; 0            ; 300 (268)    ; 51 (39)           ; 114 (30)         ; 80 (0)          ; 0 (0)      ; |easy_maze|direction_judge:u2                                 ; work         ;
;       |debounce:ud|               ; 32 (32)     ; 24           ; 0          ; 0    ; 0            ; 8 (8)        ; 3 (3)             ; 21 (21)          ; 20 (20)         ; 0 (0)      ; |easy_maze|direction_judge:u2|debounce:ud                     ; work         ;
;       |debounce:ul|               ; 32 (32)     ; 24           ; 0          ; 0    ; 0            ; 8 (8)        ; 3 (3)             ; 21 (21)          ; 20 (20)         ; 0 (0)      ; |easy_maze|direction_judge:u2|debounce:ul                     ; work         ;
;       |debounce:ur|               ; 32 (32)     ; 24           ; 0          ; 0    ; 0            ; 8 (8)        ; 3 (3)             ; 21 (21)          ; 20 (20)         ; 0 (0)      ; |easy_maze|direction_judge:u2|debounce:ur                     ; work         ;
;       |debounce:uu|               ; 32 (32)     ; 24           ; 0          ; 0    ; 0            ; 8 (8)        ; 3 (3)             ; 21 (21)          ; 20 (20)         ; 0 (0)      ; |easy_maze|direction_judge:u2|debounce:uu                     ; work         ;
;    |led88:u3|                     ; 117 (99)    ; 21           ; 0          ; 0    ; 0            ; 96 (96)      ; 11 (0)            ; 10 (3)           ; 0 (0)           ; 0 (0)      ; |easy_maze|led88:u3                                           ; work         ;
;       |divd_frequency:divd_1k|    ; 18 (18)     ; 18           ; 0          ; 0    ; 0            ; 0 (0)        ; 11 (11)           ; 7 (7)            ; 0 (0)           ; 0 (0)      ; |easy_maze|led88:u3|divd_frequency:divd_1k                    ; work         ;
;    |time_move_cnt:u1|             ; 205 (19)    ; 67           ; 0          ; 0    ; 0            ; 138 (10)     ; 22 (0)            ; 45 (9)           ; 45 (0)          ; 0 (0)      ; |easy_maze|time_move_cnt:u1                                   ; work         ;
;       |divd_frequency:divd_1|     ; 64 (64)     ; 27           ; 0          ; 0    ; 0            ; 37 (37)      ; 14 (14)           ; 13 (13)          ; 28 (28)         ; 0 (0)      ; |easy_maze|time_move_cnt:u1|divd_frequency:divd_1             ; work         ;
;       |segment:s1|                ; 122 (98)    ; 31           ; 0          ; 0    ; 0            ; 91 (68)      ; 8 (8)             ; 23 (22)          ; 17 (0)          ; 0 (0)      ; |easy_maze|time_move_cnt:u1|segment:s1                        ; work         ;
;          |divd_frequency:divd_1k| ; 24 (24)     ; 1            ; 0          ; 0    ; 0            ; 23 (23)      ; 0 (0)             ; 1 (1)            ; 17 (17)         ; 0 (0)      ; |easy_maze|time_move_cnt:u1|segment:s1|divd_frequency:divd_1k ; work         ;
+-----------------------------------+-------------+--------------+------------+------+--------------+--------------+-------------------+------------------+-----------------+------------+---------------------------------------------------------------+--------------+
Note: For table entries with two numbers listed, the numbers in parentheses indicate the number of resources of the given type used by the specific entity alone. The numbers listed outside of parentheses indicate the total resources of the given type used by the specific entity and all of its sub-entities in the hierarchy.


+------------------------------------------------------------------------------------------------------+
; User-Specified and Inferred Latches                                                                  ;
+-----------------------------------------------------+-----------------------+------------------------+
; Latch Name                                          ; Latch Enable Signal   ; Free of Timing Hazards ;
+-----------------------------------------------------+-----------------------+------------------------+
; led88:u3|row[0]                                     ; led88:u3|row[7]       ; yes                    ;
; led88:u3|row[1]                                     ; led88:u3|row[7]       ; yes                    ;
; led88:u3|row[2]                                     ; led88:u3|row[7]       ; yes                    ;
; led88:u3|row[3]                                     ; led88:u3|row[7]       ; yes                    ;
; led88:u3|row[4]                                     ; led88:u3|row[7]       ; yes                    ;
; led88:u3|row[5]                                     ; led88:u3|row[7]       ; yes                    ;
; led88:u3|row[6]                                     ; led88:u3|row[7]       ; yes                    ;
; led88:u3|row[7]                                     ; led88:u3|row[7]       ; yes                    ;
; led88:u3|col_red[0]                                 ; led88:u3|row[7]       ; yes                    ;
; led88:u3|col_red[1]                                 ; led88:u3|row[7]       ; yes                    ;
; led88:u3|col_red[2]                                 ; led88:u3|row[7]       ; yes                    ;
; led88:u3|col_red[3]                                 ; led88:u3|row[7]       ; yes                    ;
; led88:u3|col_red[4]                                 ; led88:u3|row[7]       ; yes                    ;
; led88:u3|col_red[5]                                 ; led88:u3|row[7]       ; yes                    ;
; led88:u3|col_red[6]                                 ; led88:u3|row[7]       ; yes                    ;
; led88:u3|col_red[7]                                 ; led88:u3|row[7]       ; yes                    ;
; led88:u3|col_green[0]                               ; led88:u3|col_green[7] ; yes                    ;
; led88:u3|col_green[1]                               ; led88:u3|col_green[7] ; yes                    ;
; led88:u3|col_green[2]                               ; led88:u3|col_green[7] ; yes                    ;
; led88:u3|col_green[3]                               ; led88:u3|col_green[7] ; yes                    ;
; led88:u3|col_green[4]                               ; led88:u3|col_green[7] ; yes                    ;
; led88:u3|col_green[5]                               ; led88:u3|col_green[7] ; yes                    ;
; led88:u3|col_green[6]                               ; led88:u3|col_green[7] ; yes                    ;
; led88:u3|col_green[7]                               ; led88:u3|col_green[7] ; yes                    ;
; Number of user-specified and inferred latches = 24  ;                       ;                        ;
+-----------------------------------------------------+-----------------------+------------------------+
Note: All latches listed above may not be present at the end of synthesis due to various synthesis optimizations.


+-------------------------------------------------------------------------------------------------------------------------------------------------+
; Registers Removed During Synthesis                                                                                                              ;
+-------------------------------------------------------------------------------------------+-----------------------------------------------------+
; Register name                                                                             ; Reason for Removal                                  ;
+-------------------------------------------------------------------------------------------+-----------------------------------------------------+
; direction_judge:u2|brick[0..7]                                                            ; Stuck at VCC due to stuck port data_in              ;
; direction_judge:u2|brick[9,13..14]                                                        ; Stuck at GND due to stuck port data_in              ;
; direction_judge:u2|brick[16]                                                              ; Stuck at VCC due to stuck port data_in              ;
; direction_judge:u2|brick[17]                                                              ; Stuck at GND due to stuck port data_in              ;
; direction_judge:u2|brick[18]                                                              ; Stuck at VCC due to stuck port data_in              ;
; direction_judge:u2|brick[19]                                                              ; Stuck at GND due to stuck port data_in              ;
; direction_judge:u2|brick[23..24]                                                          ; Stuck at VCC due to stuck port data_in              ;
; direction_judge:u2|brick[25]                                                              ; Stuck at GND due to stuck port data_in              ;
; direction_judge:u2|brick[26]                                                              ; Stuck at VCC due to stuck port data_in              ;
; direction_judge:u2|brick[27]                                                              ; Stuck at GND due to stuck port data_in              ;
; direction_judge:u2|brick[28]                                                              ; Stuck at VCC due to stuck port data_in              ;
; direction_judge:u2|brick[29,33]                                                           ; Stuck at GND due to stuck port data_in              ;
; direction_judge:u2|brick[34,36]                                                           ; Stuck at VCC due to stuck port data_in              ;
; direction_judge:u2|brick[37]                                                              ; Stuck at GND due to stuck port data_in              ;
; direction_judge:u2|brick[38,40]                                                           ; Stuck at VCC due to stuck port data_in              ;
; direction_judge:u2|brick[45]                                                              ; Stuck at GND due to stuck port data_in              ;
; direction_judge:u2|brick[46]                                                              ; Stuck at VCC due to stuck port data_in              ;
; direction_judge:u2|brick[47,50]                                                           ; Stuck at GND due to stuck port data_in              ;
; direction_judge:u2|brick[54]                                                              ; Stuck at VCC due to stuck port data_in              ;
; direction_judge:u2|brick[55]                                                              ; Stuck at GND due to stuck port data_in              ;
; direction_judge:u2|brick[57,59..60]                                                       ; Stuck at VCC due to stuck port data_in              ;
; direction_judge:u2|brick[63]                                                              ; Stuck at GND due to stuck port data_in              ;
; direction_judge:u2|brick[10..12,15,20..22,30..32,35,39,41..44,48..49,51..53,56,58,61..62] ; Merged with direction_judge:u2|brick[8]             ;
; direction_judge:u2|gold[1..2]                                                             ; Stuck at GND due to stuck port data_in              ;
; direction_judge:u2|goru[1..2]                                                             ; Stuck at GND due to stuck port data_in              ;
; time_move_cnt:u1|segment:s1|divd_frequency:divd_1k|cnt[16]                                ; Merged with led88:u3|divd_frequency:divd_1k|cnt[16] ;
; time_move_cnt:u1|segment:s1|divd_frequency:divd_1k|cnt[15]                                ; Merged with led88:u3|divd_frequency:divd_1k|cnt[15] ;
; time_move_cnt:u1|segment:s1|divd_frequency:divd_1k|cnt[14]                                ; Merged with led88:u3|divd_frequency:divd_1k|cnt[14] ;
; time_move_cnt:u1|segment:s1|divd_frequency:divd_1k|cnt[13]                                ; Merged with led88:u3|divd_frequency:divd_1k|cnt[13] ;
; time_move_cnt:u1|segment:s1|divd_frequency:divd_1k|cnt[12]                                ; Merged with led88:u3|divd_frequency:divd_1k|cnt[12] ;
; time_move_cnt:u1|segment:s1|divd_frequency:divd_1k|cnt[11]                                ; Merged with led88:u3|divd_frequency:divd_1k|cnt[11] ;
; time_move_cnt:u1|segment:s1|divd_frequency:divd_1k|cnt[10]                                ; Merged with led88:u3|divd_frequency:divd_1k|cnt[10] ;
; time_move_cnt:u1|segment:s1|divd_frequency:divd_1k|cnt[9]                                 ; Merged with led88:u3|divd_frequency:divd_1k|cnt[9]  ;
; time_move_cnt:u1|segment:s1|divd_frequency:divd_1k|cnt[8]                                 ; Merged with led88:u3|divd_frequency:divd_1k|cnt[8]  ;
; time_move_cnt:u1|segment:s1|divd_frequency:divd_1k|cnt[7]                                 ; Merged with led88:u3|divd_frequency:divd_1k|cnt[7]  ;
; time_move_cnt:u1|segment:s1|divd_frequency:divd_1k|cnt[6]                                 ; Merged with led88:u3|divd_frequency:divd_1k|cnt[6]  ;
; time_move_cnt:u1|segment:s1|divd_frequency:divd_1k|cnt[5]                                 ; Merged with led88:u3|divd_frequency:divd_1k|cnt[5]  ;
; time_move_cnt:u1|segment:s1|divd_frequency:divd_1k|cnt[4]                                 ; Merged with led88:u3|divd_frequency:divd_1k|cnt[4]  ;
; time_move_cnt:u1|segment:s1|divd_frequency:divd_1k|cnt[3]                                 ; Merged with led88:u3|divd_frequency:divd_1k|cnt[3]  ;
; time_move_cnt:u1|segment:s1|divd_frequency:divd_1k|cnt[2]                                 ; Merged with led88:u3|divd_frequency:divd_1k|cnt[2]  ;
; time_move_cnt:u1|segment:s1|divd_frequency:divd_1k|cnt[1]                                 ; Merged with led88:u3|divd_frequency:divd_1k|cnt[1]  ;
; time_move_cnt:u1|segment:s1|divd_frequency:divd_1k|cnt[0]                                 ; Merged with led88:u3|divd_frequency:divd_1k|cnt[0]  ;
; time_move_cnt:u1|segment:s1|segtemp[0][7]                                                 ; Stuck at GND due to stuck port data_in              ;
; time_move_cnt:u1|segment:s1|segtemp[1][7]                                                 ; Stuck at GND due to stuck port data_in              ;
; time_move_cnt:u1|segment:s1|segtemp[2][7]                                                 ; Stuck at GND due to stuck port data_in              ;
; time_move_cnt:u1|segment:s1|segtemp[3][7]                                                 ; Stuck at GND due to stuck port data_in              ;
; direction_judge:u2|pos[0..7]                                                              ; Stuck at GND due to stuck port data_in              ;
; time_move_cnt:u1|divd_frequency:divd_1|cnt[0]                                             ; Merged with led88:u3|divd_frequency:divd_1k|cnt[0]  ;
; time_move_cnt:u1|divd_frequency:divd_1|cnt[1]                                             ; Merged with led88:u3|divd_frequency:divd_1k|cnt[1]  ;
; time_move_cnt:u1|divd_frequency:divd_1|cnt[2]                                             ; Merged with led88:u3|divd_frequency:divd_1k|cnt[2]  ;
; Total Number of Removed Registers = 99                                                    ;                                                     ;
+-------------------------------------------------------------------------------------------+-----------------------------------------------------+


+------------------------------------------------------+
; General Register Statistics                          ;
+----------------------------------------------+-------+
; Statistic                                    ; Value ;
+----------------------------------------------+-------+
; Total registers                              ; 254   ;
; Number of registers using Synchronous Clear  ; 80    ;
; Number of registers using Synchronous Load   ; 19    ;
; Number of registers using Asynchronous Clear ; 219   ;
; Number of registers using Asynchronous Load  ; 2     ;
; Number of registers using Clock Enable       ; 89    ;
; Number of registers using Preset             ; 0     ;
+----------------------------------------------+-------+


+--------------------------------------------------+
; Inverted Register Statistics                     ;
+----------------------------------------+---------+
; Inverted Register                      ; Fan out ;
+----------------------------------------+---------+
; time_move_cnt:u1|seg_data1[0]          ; 11      ;
; time_move_cnt:u1|seg_data1[1]          ; 10      ;
; Total number of inverted registers = 2 ;         ;
+----------------------------------------+---------+


+-----------------------------------------------------------------------------------------------------------------------------------------------------------------+
; Multiplexer Restructuring Statistics (Restructuring Performed)                                                                                                  ;
+--------------------+-----------+---------------+----------------------+------------------------+------------+---------------------------------------------------+
; Multiplexer Inputs ; Bus Width ; Baseline Area ; Area if Restructured ; Saving if Restructured ; Registered ; Example Multiplexer Output                        ;
+--------------------+-----------+---------------+----------------------+------------------------+------------+---------------------------------------------------+
; 4:1                ; 2 bits    ; 4 LEs         ; 2 LEs                ; 2 LEs                  ; Yes        ; |easy_maze|time_move_cnt:u1|seg_data1[3]          ;
; 4:1                ; 4 bits    ; 8 LEs         ; 8 LEs                ; 0 LEs                  ; Yes        ; |easy_maze|time_move_cnt:u1|seg_data0[1]          ;
; 4:1                ; 2 bits    ; 4 LEs         ; 2 LEs                ; 2 LEs                  ; Yes        ; |easy_maze|time_move_cnt:u1|seg_data1[1]          ;
; 3:1                ; 7 bits    ; 14 LEs        ; 14 LEs               ; 0 LEs                  ; No         ; |easy_maze|direction_judge:u2|ShiftLeft0          ;
; 3:1                ; 8 bits    ; 16 LEs        ; 16 LEs               ; 0 LEs                  ; No         ; |easy_maze|direction_judge:u2|ShiftRight0         ;
; 8:1                ; 8 bits    ; 40 LEs        ; 40 LEs               ; 0 LEs                  ; No         ; |easy_maze|led88:u3|Mux3                          ;
; 16:1               ; 4 bits    ; 40 LEs        ; 12 LEs               ; 28 LEs                 ; No         ; |easy_maze|direction_judge:u2|Mux1                ;
; 9:1                ; 7 bits    ; 42 LEs        ; 35 LEs               ; 7 LEs                  ; No         ; |easy_maze|time_move_cnt:u1|segment:s1|seg_led[3] ;
; 10:1               ; 6 bits    ; 36 LEs        ; 36 LEs               ; 0 LEs                  ; No         ; |easy_maze|led88:u3|col_red[5]                    ;
+--------------------+-----------+---------------+----------------------+------------------------+------------+---------------------------------------------------+


+-------------------------------------------------------------------------------------+
; Parameter Settings for User Entity Instance: time_move_cnt:u1|divd_frequency:divd_1 ;
+----------------+----------+---------------------------------------------------------+
; Parameter Name ; Value    ; Type                                                    ;
+----------------+----------+---------------------------------------------------------+
; divdWIDTH      ; 28       ; Signed Integer                                          ;
; divdN          ; 50000000 ; Signed Integer                                          ;
+----------------+----------+---------------------------------------------------------+
Note: In order to hide this table in the UI and the text report file, please set the "Show Parameter Settings Tables in Synthesis Report" option in "Analysis and Synthesis Settings -> More Settings" to "Off".


+-------------------------------------------------------------------------------------------------+
; Parameter Settings for User Entity Instance: time_move_cnt:u1|segment:s1|divd_frequency:divd_1k ;
+----------------+-------+------------------------------------------------------------------------+
; Parameter Name ; Value ; Type                                                                   ;
+----------------+-------+------------------------------------------------------------------------+
; divdWIDTH      ; 16    ; Signed Integer                                                         ;
; divdN          ; 50000 ; Signed Integer                                                         ;
+----------------+-------+------------------------------------------------------------------------+
Note: In order to hide this table in the UI and the text report file, please set the "Show Parameter Settings Tables in Synthesis Report" option in "Analysis and Synthesis Settings -> More Settings" to "Off".


+-----------------------------------------------------------------------------+
; Parameter Settings for User Entity Instance: direction_judge:u2|debounce:ul ;
+----------------+-------+----------------------------------------------------+
; Parameter Name ; Value ; Type                                               ;
+----------------+-------+----------------------------------------------------+
; N              ; 1     ; Signed Integer                                     ;
+----------------+-------+----------------------------------------------------+
Note: In order to hide this table in the UI and the text report file, please set the "Show Parameter Settings Tables in Synthesis Report" option in "Analysis and Synthesis Settings -> More Settings" to "Off".


+-----------------------------------------------------------------------------+
; Parameter Settings for User Entity Instance: direction_judge:u2|debounce:ur ;
+----------------+-------+----------------------------------------------------+
; Parameter Name ; Value ; Type                                               ;
+----------------+-------+----------------------------------------------------+
; N              ; 1     ; Signed Integer                                     ;
+----------------+-------+----------------------------------------------------+
Note: In order to hide this table in the UI and the text report file, please set the "Show Parameter Settings Tables in Synthesis Report" option in "Analysis and Synthesis Settings -> More Settings" to "Off".


+-----------------------------------------------------------------------------+
; Parameter Settings for User Entity Instance: direction_judge:u2|debounce:uu ;
+----------------+-------+----------------------------------------------------+
; Parameter Name ; Value ; Type                                               ;
+----------------+-------+----------------------------------------------------+
; N              ; 1     ; Signed Integer                                     ;
+----------------+-------+----------------------------------------------------+
Note: In order to hide this table in the UI and the text report file, please set the "Show Parameter Settings Tables in Synthesis Report" option in "Analysis and Synthesis Settings -> More Settings" to "Off".


+-----------------------------------------------------------------------------+
; Parameter Settings for User Entity Instance: direction_judge:u2|debounce:ud ;
+----------------+-------+----------------------------------------------------+
; Parameter Name ; Value ; Type                                               ;
+----------------+-------+----------------------------------------------------+
; N              ; 1     ; Signed Integer                                     ;
+----------------+-------+----------------------------------------------------+
Note: In order to hide this table in the UI and the text report file, please set the "Show Parameter Settings Tables in Synthesis Report" option in "Analysis and Synthesis Settings -> More Settings" to "Off".


+------------------------------------------------------------------------------+
; Parameter Settings for User Entity Instance: led88:u3|divd_frequency:divd_1k ;
+----------------+-------+-----------------------------------------------------+
; Parameter Name ; Value ; Type                                                ;
+----------------+-------+-----------------------------------------------------+
; divdWIDTH      ; 16    ; Signed Integer                                      ;
; divdN          ; 50000 ; Signed Integer                                      ;
+----------------+-------+-----------------------------------------------------+
Note: In order to hide this table in the UI and the text report file, please set the "Show Parameter Settings Tables in Synthesis Report" option in "Analysis and Synthesis Settings -> More Settings" to "Off".


+-------------------------------+
; Analysis & Synthesis Messages ;
+-------------------------------+
Info: *******************************************************************
Info: Running Quartus II Analysis & Synthesis
    Info: Version 9.1 Build 222 10/21/2009 SJ Full Version
    Info: Processing started: Tue Dec 25 16:26:34 2018
Info: Command: quartus_map --read_settings_files=on --write_settings_files=off easy_maze -c easy_maze
Info: Parallel compilation is enabled and will use 4 of the 4 processors detected
Info: Found 7 design units, including 7 entities, in source file easy_maze.v
    Info: Found entity 1: easy_maze
    Info: Found entity 2: led88
    Info: Found entity 3: time_move_cnt
    Info: Found entity 4: segment
    Info: Found entity 5: direction_judge
    Info: Found entity 6: divd_frequency
    Info: Found entity 7: debounce
Info: Elaborating entity "easy_maze" for the top level hierarchy
Info: Elaborating entity "time_move_cnt" for hierarchy "time_move_cnt:u1"
Info: Elaborating entity "divd_frequency" for hierarchy "time_move_cnt:u1|divd_frequency:divd_1"
Info: Elaborating entity "segment" for hierarchy "time_move_cnt:u1|segment:s1"
Warning (10235): Verilog HDL Always Construct warning at easy_maze.v(339): variable "pause" is read inside the Always Construct but isn't in the Always Construct's Event Control
Warning (10235): Verilog HDL Always Construct warning at easy_maze.v(343): variable "rst" is read inside the Always Construct but isn't in the Always Construct's Event Control
Warning (10235): Verilog HDL Always Construct warning at easy_maze.v(345): variable "seg_data7" is read inside the Always Construct but isn't in the Always Construct's Event Control
Warning (10235): Verilog HDL Always Construct warning at easy_maze.v(348): variable "seg_data6" is read inside the Always Construct but isn't in the Always Construct's Event Control
Warning (10235): Verilog HDL Always Construct warning at easy_maze.v(349): variable "seg_data1" is read inside the Always Construct but isn't in the Always Construct's Event Control
Warning (10235): Verilog HDL Always Construct warning at easy_maze.v(350): variable "seg_data0" is read inside the Always Construct but isn't in the Always Construct's Event Control
Info: Elaborating entity "divd_frequency" for hierarchy "time_move_cnt:u1|segment:s1|divd_frequency:divd_1k"
Info: Elaborating entity "direction_judge" for hierarchy "direction_judge:u2"
Info (10264): Verilog HDL Case Statement information at easy_maze.v(455): all case item expressions in this case statement are onehot
Info: Elaborating entity "debounce" for hierarchy "direction_judge:u2|debounce:ul"
Info: Elaborating entity "led88" for hierarchy "led88:u3"
Warning (10235): Verilog HDL Always Construct warning at easy_maze.v(116): variable "pos" is read inside the Always Construct but isn't in the Always Construct's Event Control
Warning (10235): Verilog HDL Always Construct warning at easy_maze.v(117): variable "pos" is read inside the Always Construct but isn't in the Always Construct's Event Control
Warning (10235): Verilog HDL Always Construct warning at easy_maze.v(118): variable "pos" is read inside the Always Construct but isn't in the Always Construct's Event Control
Warning (10235): Verilog HDL Always Construct warning at easy_maze.v(119): variable "pos" is read inside the Always Construct but isn't in the Always Construct's Event Control
Warning (10235): Verilog HDL Always Construct warning at easy_maze.v(120): variable "pos" is read inside the Always Construct but isn't in the Always Construct's Event Control
Warning (10235): Verilog HDL Always Construct warning at easy_maze.v(121): variable "pos" is read inside the Always Construct but isn't in the Always Construct's Event Control
Warning (10235): Verilog HDL Always Construct warning at easy_maze.v(122): variable "pos" is read inside the Always Construct but isn't in the Always Construct's Event Control
Warning (10235): Verilog HDL Always Construct warning at easy_maze.v(123): variable "pos" is read inside the Always Construct but isn't in the Always Construct's Event Control
Warning (10235): Verilog HDL Always Construct warning at easy_maze.v(127): variable "time_judge" is read inside the Always Construct but isn't in the Always Construct's Event Control
Warning (10235): Verilog HDL Always Construct warning at easy_maze.v(127): variable "win_judge" is read inside the Always Construct but isn't in the Always Construct's Event Control
Warning (10235): Verilog HDL Always Construct warning at easy_maze.v(127): variable "map" is read inside the Always Construct but isn't in the Always Construct's Event Control
Warning (10235): Verilog HDL Always Construct warning at easy_maze.v(130): variable "pos" is read inside the Always Construct but isn't in the Always Construct's Event Control
Warning (10235): Verilog HDL Always Construct warning at easy_maze.v(131): variable "pos" is read inside the Always Construct but isn't in the Always Construct's Event Control
Warning (10235): Verilog HDL Always Construct warning at easy_maze.v(132): variable "pos" is read inside the Always Construct but isn't in the Always Construct's Event Control
Warning (10235): Verilog HDL Always Construct warning at easy_maze.v(133): variable "pos" is read inside the Always Construct but isn't in the Always Construct's Event Control
Warning (10235): Verilog HDL Always Construct warning at easy_maze.v(134): variable "pos" is read inside the Always Construct but isn't in the Always Construct's Event Control
Warning (10235): Verilog HDL Always Construct warning at easy_maze.v(135): variable "pos" is read inside the Always Construct but isn't in the Always Construct's Event Control
Warning (10235): Verilog HDL Always Construct warning at easy_maze.v(136): variable "pos" is read inside the Always Construct but isn't in the Always Construct's Event Control
Warning (10235): Verilog HDL Always Construct warning at easy_maze.v(137): variable "pos" is read inside the Always Construct but isn't in the Always Construct's Event Control
Warning (10235): Verilog HDL Always Construct warning at easy_maze.v(141): variable "time_judge" is read inside the Always Construct but isn't in the Always Construct's Event Control
Warning (10235): Verilog HDL Always Construct warning at easy_maze.v(141): variable "win_judge" is read inside the Always Construct but isn't in the Always Construct's Event Control
Warning (10235): Verilog HDL Always Construct warning at easy_maze.v(141): variable "map" is read inside the Always Construct but isn't in the Always Construct's Event Control
Warning (10235): Verilog HDL Always Construct warning at easy_maze.v(144): variable "pos" is read inside the Always Construct but isn't in the Always Construct's Event Control
Warning (10235): Verilog HDL Always Construct warning at easy_maze.v(145): variable "pos" is read inside the Always Construct but isn't in the Always Construct's Event Control
Warning (10235): Verilog HDL Always Construct warning at easy_maze.v(146): variable "pos" is read inside the Always Construct but isn't in the Always Construct's Event Control
Warning (10235): Verilog HDL Always Construct warning at easy_maze.v(147): variable "pos" is read inside the Always Construct but isn't in the Always Construct's Event Control
Warning (10235): Verilog HDL Always Construct warning at easy_maze.v(148): variable "pos" is read inside the Always Construct but isn't in the Always Construct's Event Control
Warning (10235): Verilog HDL Always Construct warning at easy_maze.v(149): variable "pos" is read inside the Always Construct but isn't in the Always Construct's Event Control
Warning (10235): Verilog HDL Always Construct warning at easy_maze.v(150): variable "pos" is read inside the Always Construct but isn't in the Always Construct's Event Control
Warning (10235): Verilog HDL Always Construct warning at easy_maze.v(151): variable "pos" is read inside the Always Construct but isn't in the Always Construct's Event Control
Warning (10235): Verilog HDL Always Construct warning at easy_maze.v(155): variable "time_judge" is read inside the Always Construct but isn't in the Always Construct's Event Control
Warning (10235): Verilog HDL Always Construct warning at easy_maze.v(155): variable "win_judge" is read inside the Always Construct but isn't in the Always Construct's Event Control
Warning (10235): Verilog HDL Always Construct warning at easy_maze.v(169): variable "time_judge" is read inside the Always Construct but isn't in the Always Construct's Event Control
Warning (10235): Verilog HDL Always Construct warning at easy_maze.v(169): variable "win_judge" is read inside the Always Construct but isn't in the Always Construct's Event Control
Warning (10240): Verilog HDL Always Construct warning at easy_maze.v(111): inferring latch(es) for variable "row", which holds its previous value in one or more paths through the always construct
Warning (10240): Verilog HDL Always Construct warning at easy_maze.v(111): inferring latch(es) for variable "col_red", which holds its previous value in one or more paths through the always construct
Warning (10240): Verilog HDL Always Construct warning at easy_maze.v(111): inferring latch(es) for variable "col_green", which holds its previous value in one or more paths through the always construct
Info (10041): Inferred latch for "col_green[0]" at easy_maze.v(127)
Info (10041): Inferred latch for "col_green[1]" at easy_maze.v(127)
Info (10041): Inferred latch for "col_green[2]" at easy_maze.v(127)
Info (10041): Inferred latch for "col_green[3]" at easy_maze.v(127)
Info (10041): Inferred latch for "col_green[4]" at easy_maze.v(127)
Info (10041): Inferred latch for "col_green[5]" at easy_maze.v(127)
Info (10041): Inferred latch for "col_green[6]" at easy_maze.v(127)
Info (10041): Inferred latch for "col_green[7]" at easy_maze.v(127)
Info (10041): Inferred latch for "col_red[0]" at easy_maze.v(127)
Info (10041): Inferred latch for "col_red[1]" at easy_maze.v(127)
Info (10041): Inferred latch for "col_red[2]" at easy_maze.v(127)
Info (10041): Inferred latch for "col_red[3]" at easy_maze.v(127)
Info (10041): Inferred latch for "col_red[4]" at easy_maze.v(127)
Info (10041): Inferred latch for "col_red[5]" at easy_maze.v(127)
Info (10041): Inferred latch for "col_red[6]" at easy_maze.v(127)
Info (10041): Inferred latch for "col_red[7]" at easy_maze.v(127)
Info (10041): Inferred latch for "row[0]" at easy_maze.v(127)
Info (10041): Inferred latch for "row[1]" at easy_maze.v(127)
Info (10041): Inferred latch for "row[2]" at easy_maze.v(127)
Info (10041): Inferred latch for "row[3]" at easy_maze.v(127)
Info (10041): Inferred latch for "row[4]" at easy_maze.v(127)
Info (10041): Inferred latch for "row[5]" at easy_maze.v(127)
Info (10041): Inferred latch for "row[6]" at easy_maze.v(127)
Info (10041): Inferred latch for "row[7]" at easy_maze.v(127)
Warning: Latch led88:u3|col_red[0] has unsafe behavior
    Warning: Ports D and ENA on the latch are fed by the same signal win_judge
Warning: Latch led88:u3|col_red[1] has unsafe behavior
    Warning: Ports D and ENA on the latch are fed by the same signal win_judge
Warning: Latch led88:u3|col_red[2] has unsafe behavior
    Warning: Ports D and ENA on the latch are fed by the same signal win_judge
Warning: Latch led88:u3|col_red[3] has unsafe behavior
    Warning: Ports D and ENA on the latch are fed by the same signal win_judge
Warning: Latch led88:u3|col_red[4] has unsafe behavior
    Warning: Ports D and ENA on the latch are fed by the same signal win_judge
Warning: Latch led88:u3|col_red[5] has unsafe behavior
    Warning: Ports D and ENA on the latch are fed by the same signal win_judge
Warning: Latch led88:u3|col_red[6] has unsafe behavior
    Warning: Ports D and ENA on the latch are fed by the same signal win_judge
Warning: Latch led88:u3|col_red[7] has unsafe behavior
    Warning: Ports D and ENA on the latch are fed by the same signal win_judge
Warning: Output pins are stuck at VCC or GND
    Warning (13410): Pin "cat[2]" is stuck at VCC
    Warning (13410): Pin "cat[3]" is stuck at VCC
    Warning (13410): Pin "cat[4]" is stuck at VCC
    Warning (13410): Pin "cat[5]" is stuck at VCC
    Warning (13410): Pin "seg_led[7]" is stuck at GND
Info: Registers with preset signals will power-up high
Warning: Design contains 1 input pin(s) that do not drive logic
    Warning (15610): No output dependent on input pin "beep"
Info: Implemented 838 device resources after synthesis - the final resource count might be different
    Info: Implemented 9 input pins
    Info: Implemented 40 output pins
    Info: Implemented 789 logic cells
Info: Generated suppressed messages file C:/Users/Administrator/Desktop/migong/easy_maze.map.smsg
Info: Quartus II Analysis & Synthesis was successful. 0 errors, 67 warnings
    Info: Peak virtual memory: 191 megabytes
    Info: Processing ended: Tue Dec 25 16:26:35 2018
    Info: Elapsed time: 00:00:01
    Info: Total CPU time (on all processors): 00:00:02


+------------------------------------------+
; Analysis & Synthesis Suppressed Messages ;
+------------------------------------------+
The suppressed messages can be found in C:/Users/Administrator/Desktop/migong/easy_maze.map.smsg.


