--------------------------------------------------------------------------------------
Timing Analyzer Summary
--------------------------------------------------------------------------------------

Type           : Worst-case tsu
Slack          : N/A
Required Time  : None
Actual Time    : 7.969 ns
From           : pause
To             : direction_judge:u2|movecnt[7]
From Clock     : --
To Clock       : clk_in
Failed Paths   : 0

Type           : Worst-case tco
Slack          : N/A
Required Time  : None
Actual Time    : 25.397 ns
From           : led88:u3|row[4]
To             : row[4]
From Clock     : clk_in
To Clock       : --
Failed Paths   : 0

Type           : Worst-case tpd
Slack          : N/A
Required Time  : None
Actual Time    : 16.683 ns
From           : rst
To             : seg_led[6]
From Clock     : --
To Clock       : --
Failed Paths   : 0

Type           : Worst-case th
Slack          : N/A
Required Time  : None
Actual Time    : 12.766 ns
From           : map
To             : led88:u3|col_red[4]
From Clock     : --
To Clock       : clk_in
Failed Paths   : 0

Type           : Clock Setup: 'clk_in'
Slack          : N/A
Required Time  : None
Actual Time    : 41.50 MHz ( period = 24.099 ns )
From           : direction_judge:u2|debounce:ud|key_sec[0]
To             : direction_judge:u2|movecnt[7]
From Clock     : clk_in
To Clock       : clk_in
Failed Paths   : 0

Type           : Clock Hold: 'clk_in'
Slack          : Not operational: Clock Skew > Data Delay
Required Time  : None
Actual Time    : N/A
From           : win_judge
To             : led88:u3|col_red[4]
From Clock     : clk_in
To Clock       : clk_in
Failed Paths   : 144

Type           : Total number of failed paths
Slack          : 
Required Time  : 
Actual Time    : 
From           : 
To             : 
From Clock     : 
To Clock       : 
Failed Paths   : 144

--------------------------------------------------------------------------------------

